
> tasks@0.1.0 test
> react-scripts test

Browserslist: caniuse-lite is outdated. Please run:
  npx browserslist@latest --update-db
  Why you should do it regularly: https://github.com/browserslist/browserslist#browsers-data-updating
FAIL src/quizzer/Quizzer.test.tsx
  ● Console

    console.error
      Warning: You provided a `value` prop to a form field without an `onChange` handler. This will render a read-only field. If the field should be mutable use `defaultValue`. Otherwise, set either `onChange` or `readOnly`.
          at input
          at /home/runner/work/quizzer_start/quizzer_start/node_modules/react-bootstrap/cjs/FormControl.js:27:3
          at div
          at div
          at div
          at /home/runner/work/quizzer_start/quizzer_start/node_modules/react-bootstrap/cjs/FormGroup.js:19:3
          at div
          at div
          at QuizEdit (/home/runner/work/quizzer_start/quizzer_start/src/quizzer/QuizEdit.tsx:10:5)
          at div
          at QuizView (/home/runner/work/quizzer_start/quizzer_start/src/quizzer/QuizView.tsx:9:5)
          at div
          at QuizList (/home/runner/work/quizzer_start/quizzer_start/src/quizzer/QuizList.tsx:9:5)
          at div
          at Quizzer (/home/runner/work/quizzer_start/quizzer_start/src/quizzer/Quizzer.tsx:25:35)

      at printWarning (node_modules/react-dom/cjs/react-dom.development.js:67:30)
      at error (node_modules/react-dom/cjs/react-dom.development.js:43:5)
      at checkControlledValueProps (node_modules/react-dom/cjs/react-dom.development.js:1323:7)
      at initWrapperState (node_modules/react-dom/cjs/react-dom.development.js:1495:5)
      at setInitialProperties (node_modules/react-dom/cjs/react-dom.development.js:9099:7)
      at finalizeInitialChildren (node_modules/react-dom/cjs/react-dom.development.js:10201:3)
      at completeWork (node_modules/react-dom/cjs/react-dom.development.js:19470:17)
      at completeUnitOfWork (node_modules/react-dom/cjs/react-dom.development.js:22812:16)

    console.error
      Warning: You provided a `value` prop to a form field without an `onChange` handler. This will render a read-only field. If the field should be mutable use `defaultValue`. Otherwise, set either `onChange` or `readOnly`.
          at input
          at /home/runner/work/quizzer_start/quizzer_start/node_modules/react-bootstrap/cjs/FormControl.js:27:3
          at div
          at div
          at div
          at /home/runner/work/quizzer_start/quizzer_start/node_modules/react-bootstrap/cjs/FormGroup.js:19:3
          at div
          at div
          at QuizEdit (/home/runner/work/quizzer_start/quizzer_start/src/quizzer/QuizEdit.tsx:10:5)
          at div
          at QuizView (/home/runner/work/quizzer_start/quizzer_start/src/quizzer/QuizView.tsx:9:5)
          at div
          at QuizList (/home/runner/work/quizzer_start/quizzer_start/src/quizzer/QuizList.tsx:9:5)
          at div
          at Quizzer (/home/runner/work/quizzer_start/quizzer_start/src/quizzer/Quizzer.tsx:25:35)

      at printWarning (node_modules/react-dom/cjs/react-dom.development.js:67:30)
      at error (node_modules/react-dom/cjs/react-dom.development.js:43:5)
      at checkControlledValueProps (node_modules/react-dom/cjs/react-dom.development.js:1323:7)
      at initWrapperState (node_modules/react-dom/cjs/react-dom.development.js:1495:5)
      at setInitialProperties (node_modules/react-dom/cjs/react-dom.development.js:9099:7)
      at finalizeInitialChildren (node_modules/react-dom/cjs/react-dom.development.js:10201:3)
      at completeWork (node_modules/react-dom/cjs/react-dom.development.js:19470:17)
      at completeUnitOfWork (node_modules/react-dom/cjs/react-dom.development.js:22812:16)

    console.error
      Warning: You provided a `value` prop to a form field without an `onChange` handler. This will render a read-only field. If the field should be mutable use `defaultValue`. Otherwise, set either `onChange` or `readOnly`.
          at input
          at /home/runner/work/quizzer_start/quizzer_start/node_modules/react-bootstrap/cjs/FormControl.js:27:3
          at div
          at div
          at div
          at /home/runner/work/quizzer_start/quizzer_start/node_modules/react-bootstrap/cjs/FormGroup.js:19:3
          at div
          at div
          at QuizEdit (/home/runner/work/quizzer_start/quizzer_start/src/quizzer/QuizEdit.tsx:10:5)
          at div
          at QuizView (/home/runner/work/quizzer_start/quizzer_start/src/quizzer/QuizView.tsx:9:5)
          at div
          at QuizList (/home/runner/work/quizzer_start/quizzer_start/src/quizzer/QuizList.tsx:9:5)
          at div
          at Quizzer (/home/runner/work/quizzer_start/quizzer_start/src/quizzer/Quizzer.tsx:25:35)

      at printWarning (node_modules/react-dom/cjs/react-dom.development.js:67:30)
      at error (node_modules/react-dom/cjs/react-dom.development.js:43:5)
      at checkControlledValueProps (node_modules/react-dom/cjs/react-dom.development.js:1323:7)
      at initWrapperState (node_modules/react-dom/cjs/react-dom.development.js:1495:5)
      at setInitialProperties (node_modules/react-dom/cjs/react-dom.development.js:9099:7)
      at finalizeInitialChildren (node_modules/react-dom/cjs/react-dom.development.js:10201:3)
      at completeWork (node_modules/react-dom/cjs/react-dom.development.js:19470:17)
      at completeUnitOfWork (node_modules/react-dom/cjs/react-dom.development.js:22812:16)

    console.error
      Warning: You provided a `value` prop to a form field without an `onChange` handler. This will render a read-only field. If the field should be mutable use `defaultValue`. Otherwise, set either `onChange` or `readOnly`.
          at input
          at /home/runner/work/quizzer_start/quizzer_start/node_modules/react-bootstrap/cjs/FormControl.js:27:3
          at div
          at div
          at div
          at /home/runner/work/quizzer_start/quizzer_start/node_modules/react-bootstrap/cjs/FormGroup.js:19:3
          at div
          at div
          at QuizEdit (/home/runner/work/quizzer_start/quizzer_start/src/quizzer/QuizEdit.tsx:10:5)
          at div
          at QuizView (/home/runner/work/quizzer_start/quizzer_start/src/quizzer/QuizView.tsx:9:5)
          at div
          at QuizList (/home/runner/work/quizzer_start/quizzer_start/src/quizzer/QuizList.tsx:9:5)
          at div
          at Quizzer (/home/runner/work/quizzer_start/quizzer_start/src/quizzer/Quizzer.tsx:25:35)

      at printWarning (node_modules/react-dom/cjs/react-dom.development.js:67:30)
      at error (node_modules/react-dom/cjs/react-dom.development.js:43:5)
      at checkControlledValueProps (node_modules/react-dom/cjs/react-dom.development.js:1323:7)
      at initWrapperState (node_modules/react-dom/cjs/react-dom.development.js:1495:5)
      at setInitialProperties (node_modules/react-dom/cjs/react-dom.development.js:9099:7)
      at finalizeInitialChildren (node_modules/react-dom/cjs/react-dom.development.js:10201:3)
      at completeWork (node_modules/react-dom/cjs/react-dom.development.js:19470:17)
      at completeUnitOfWork (node_modules/react-dom/cjs/react-dom.development.js:22812:16)

    console.error
      Warning: You provided a `value` prop to a form field without an `onChange` handler. This will render a read-only field. If the field should be mutable use `defaultValue`. Otherwise, set either `onChange` or `readOnly`.
          at input
          at /home/runner/work/quizzer_start/quizzer_start/node_modules/react-bootstrap/cjs/FormControl.js:27:3
          at div
          at div
          at div
          at /home/runner/work/quizzer_start/quizzer_start/node_modules/react-bootstrap/cjs/FormGroup.js:19:3
          at div
          at div
          at QuizEdit (/home/runner/work/quizzer_start/quizzer_start/src/quizzer/QuizEdit.tsx:10:5)
          at div
          at QuizView (/home/runner/work/quizzer_start/quizzer_start/src/quizzer/QuizView.tsx:9:5)
          at div
          at QuizList (/home/runner/work/quizzer_start/quizzer_start/src/quizzer/QuizList.tsx:9:5)
          at div
          at Quizzer (/home/runner/work/quizzer_start/quizzer_start/src/quizzer/Quizzer.tsx:25:35)

      at printWarning (node_modules/react-dom/cjs/react-dom.development.js:67:30)
      at error (node_modules/react-dom/cjs/react-dom.development.js:43:5)
      at checkControlledValueProps (node_modules/react-dom/cjs/react-dom.development.js:1323:7)
      at initWrapperState (node_modules/react-dom/cjs/react-dom.development.js:1495:5)
      at setInitialProperties (node_modules/react-dom/cjs/react-dom.development.js:9099:7)
      at finalizeInitialChildren (node_modules/react-dom/cjs/react-dom.development.js:10201:3)
      at completeWork (node_modules/react-dom/cjs/react-dom.development.js:19470:17)
      at completeUnitOfWork (node_modules/react-dom/cjs/react-dom.development.js:22812:16)

    console.error
      Warning: You provided a `value` prop to a form field without an `onChange` handler. This will render a read-only field. If the field should be mutable use `defaultValue`. Otherwise, set either `onChange` or `readOnly`.
          at input
          at /home/runner/work/quizzer_start/quizzer_start/node_modules/react-bootstrap/cjs/FormControl.js:27:3
          at div
          at div
          at div
          at /home/runner/work/quizzer_start/quizzer_start/node_modules/react-bootstrap/cjs/FormGroup.js:19:3
          at div
          at div
          at QuizEdit (/home/runner/work/quizzer_start/quizzer_start/src/quizzer/QuizEdit.tsx:10:5)
          at div
          at QuizView (/home/runner/work/quizzer_start/quizzer_start/src/quizzer/QuizView.tsx:9:5)
          at div
          at QuizList (/home/runner/work/quizzer_start/quizzer_start/src/quizzer/QuizList.tsx:9:5)
          at div
          at Quizzer (/home/runner/work/quizzer_start/quizzer_start/src/quizzer/Quizzer.tsx:25:35)

      at printWarning (node_modules/react-dom/cjs/react-dom.development.js:67:30)
      at error (node_modules/react-dom/cjs/react-dom.development.js:43:5)
      at checkControlledValueProps (node_modules/react-dom/cjs/react-dom.development.js:1323:7)
      at initWrapperState (node_modules/react-dom/cjs/react-dom.development.js:1495:5)
      at setInitialProperties (node_modules/react-dom/cjs/react-dom.development.js:9099:7)
      at finalizeInitialChildren (node_modules/react-dom/cjs/react-dom.development.js:10201:3)
      at completeWork (node_modules/react-dom/cjs/react-dom.development.js:19470:17)
      at completeUnitOfWork (node_modules/react-dom/cjs/react-dom.development.js:22812:16)

  ● Quizzer Tests › Quiz questions can be of AT LEAST two types: a short answer question or multiple choice question

    expect(received).toBeInTheDocument()

    received value must be an HTMLElement or an SVGElement.
    Received has value: undefined

      271 |                 exact: false
      272 |             })[0]
    > 273 |         ).toBeInTheDocument();
          |           ^
      274 |     });
      275 | });
      276 |

      at __EXTERNAL_MATCHER_TRAP__ (node_modules/expect/build/index.js:386:30)
      at Object.toBeInTheDocument (node_modules/expect/build/index.js:387:15)
      at Object.<anonymous> (src/quizzer/Quizzer.test.tsx:273:11)

PASS src/App.test.tsx
-------------------|---------|----------|---------|---------|--------------------------------------------
File               | % Stmts | % Branch | % Funcs | % Lines | Uncovered Line #s                          
-------------------|---------|----------|---------|---------|--------------------------------------------
All files          |   82.51 |    81.66 |   77.77 |   81.75 |                                            
 src               |   66.66 |       50 |      50 |   66.66 |                                            
  App.tsx          |   66.66 |       50 |      50 |   66.66 | 16                                         
 src/interfaces    |       0 |        0 |       0 |       0 |                                            
  question.ts      |       0 |        0 |       0 |       0 |                                            
  quiz.ts          |       0 |        0 |       0 |       0 |                                            
 src/quizzer       |   82.85 |    83.92 |   78.57 |   82.08 |                                            
  AddQuizModal.tsx |   64.28 |      100 |      40 |   64.28 | 36-55                                      
  QuestionEdit.tsx |   42.85 |    64.28 |      40 |   42.85 | 25-28,37-38,45-47,55-57,80,160,194,221,246 
  QuizCard.tsx     |     100 |       80 |     100 |     100 | 32                                         
  QuizEdit.tsx     |   88.46 |      100 |   78.57 |    87.5 | 33-35,99                                   
  QuizExpanded.tsx |     100 |    85.71 |     100 |     100 | 73                                         
  QuizList.tsx     |     100 |      100 |     100 |     100 |                                            
  QuizQuestion.tsx |     100 |    85.71 |     100 |     100 | 24-31                                      
  QuizView.tsx     |     100 |      100 |     100 |     100 |                                            
  Quizzer.tsx      |     100 |      100 |     100 |     100 |                                            
-------------------|---------|----------|---------|---------|--------------------------------------------

Test Suites: 1 failed, 1 passed, 2 total
Tests:       1 failed, 14 passed, 15 total
Snapshots:   0 total
Time:        4.455 s
Ran all test suites.
